0 HEAD
1 CHAR UTF-8
0 @PERSON1@ INDI
1 NAME Aino/JÃ¤rnefelt/
2 TYPE birth
2 NOTE _orig_NAME /Sibelius/
1 NAME Aino/Sibelius/
2 TYPE married
1 SEX F
0 TRLR
